
> temp_app@0.0.0 build
> vite build

[36mvite v8.0.0 [32mbuilding client environment for production...[36m[39m
[2K
transforming...Γ£ô 1758 modules transformed.
node.exe : [31mΓ£ù[39m 
Build failed in 381ms
At C:\Program 
Files\nodejs\npm.ps1:29 
char:3
+   & $NODE_EXE $NPM_CLI_JS 
$args
+   
~~~~~~~~~~~~~~~~~~~~~~~~~~~~~
    + CategoryInfo           
   : NotSpeci    fied: 
([31mΓ£ù[    39m Build 
failed     in 381ms:String)  
   [], RemoteExcepti    on
    + FullyQualifiedE    
rrorId : NativeCo    
mmandError
 
[31merror during build:
[31mBuild failed with 1 
error:

[plugin vite:css] C:/Users/HP
/Desktop/PDF/WORKSPACE/Projec
ts/Online 
Food-Ordering/src/index.css
Failed to load PostCSS 
config: Failed to load 
PostCSS config (searchPath: C
:/Users/HP/Desktop/PDF/WORKSP
ACE/Projects/Online 
Food-Ordering): [TypeError] 
Invalid PostCSS Plugin found 
at: plugins[0]

(@C:\Users\HP\Desktop\PDF\WOR
KSPACE\Projects\Online Food-O
rdering\postcss.config.js)
TypeError: Invalid PostCSS 
Plugin found at: plugins[0]

(@C:\Users\HP\Desktop\PDF\WOR
KSPACE\Projects\Online Food-O
rdering\postcss.config.js)
    at file:///C:/Users/HP/De
sktop/PDF/WORKSPACE/Projects/
Online%20Food-Ordering/node_m
odules/vite/dist/node/chunks/
node.js:19586:164
    at Array.forEach 
(<anonymous>)
    at plugins (file:///C:/Us
ers/HP/Desktop/PDF/WORKSPACE/
Projects/Online%20Food-Orderi
ng/node_modules/vite/dist/nod
e/chunks/node.js:19582:44)
    at processResult (file://
/C:/Users/HP/Desktop/PDF/WORK
SPACE/Projects/Online%20Food-
Ordering/node_modules/vite/di
st/node/chunks/node.js:19618:
19)[31m
    at aggregateBindingErrors
IntoJsError (file:///C:/Users
/HP/Desktop/PDF/WORKSPACE/Pro
jects/Online%20Food-Ordering/
node_modules/rolldown/dist/sh
ared/error-CP8smW_P.mjs:48:18
)
    at unwrapBindingResult (f
ile:///C:/Users/HP/Desktop/PD
F/WORKSPACE/Projects/Online%2
0Food-Ordering/node_modules/r
olldown/dist/shared/error-CP8
smW_P.mjs:18:128)
    at #build (file:///C:/Use
rs/HP/Desktop/PDF/WORKSPACE/P
rojects/Online%20Food-Orderin
g/node_modules/rolldown/dist/
shared/rolldown-build-4YnQkA7
6.mjs:3311:34)
    at async 
buildEnvironment (file:///C:/
Users/HP/Desktop/PDF/WORKSPAC
E/Projects/Online%20Food-Orde
ring/node_modules/vite/dist/n
ode/chunks/node.js:32794:64)
    at async Object.build (fi
le:///C:/Users/HP/Desktop/PDF
/WORKSPACE/Projects/Online%20
Food-Ordering/node_modules/vi
te/dist/node/chunks/node.js:3
3216:19)
    at async Object.buildApp 
(file:///C:/Users/HP/Desktop/
PDF/WORKSPACE/Projects/Online
%20Food-Ordering/node_modules
/vite/dist/node/chunks/node.j
s:33213:153)
    at async CAC.<anonymous> 
(file:///C:/Users/HP/Desktop/
PDF/WORKSPACE/Projects/Online
%20Food-Ordering/node_modules
/vite/dist/node/cli.js:778:3)
 {
  errors: [Getter/Setter]
}[39m
